// Jest Snapshot v1, https://goo.gl/fbAQLP

exports[`render ExpensePage Correctly 1`] = `undefined`;
