// Jest Snapshot v1, https://goo.gl/fbAQLP

exports[`should render login page 1`] = `
<div>
  <button>
    Sign in
  </button>
  <p>
    Don't have an account? Sing up 
    <a
      href=""
    >
      here
    </a>
  </p>
</div>
`;
